// Jest Snapshot v1, https://goo.gl/fbAQLP

exports[`0: prepare rename - \`fun bar()
    100
end

bar()\` at [object Object] 1`] = `
Object {
  "error": null,
  "id": 1000,
  "jsonrpc": "2.0",
  "result": Object {
    "changes": Object {
      "file:///home/user/nico/samplefun%20bar()%0A%20%20%20%20100%0Aend%0A%0Abar().nico": Array [
        Object {
          "newText": "bar",
          "range": Object {
            "end": Object {
              "character": 7,
              "line": 0,
            },
            "start": Object {
              "character": 4,
              "line": 0,
            },
          },
        },
        Object {
          "newText": "bar",
          "range": Object {
            "end": Object {
              "character": 3,
              "line": 4,
            },
            "start": Object {
              "character": 0,
              "line": 4,
            },
          },
        },
      ],
    },
  },
}
`;

exports[`1: prepare rename - \`struct A { b: i32 }

let a = A { b: 123 }
a.b\` at [object Object] 1`] = `
Object {
  "error": null,
  "id": 1100,
  "jsonrpc": "2.0",
  "result": Object {
    "changes": Object {
      "file:///home/user/nico/samplestruct%20A%20%7B%20b%3A%20i32%20%7D%0A%0Alet%20a%20%3D%20A%20%7B.nico": Array [
        Object {
          "newText": "B",
          "range": Object {
            "end": Object {
              "character": 8,
              "line": 0,
            },
            "start": Object {
              "character": 7,
              "line": 0,
            },
          },
        },
        Object {
          "newText": "B",
          "range": Object {
            "end": Object {
              "character": 9,
              "line": 2,
            },
            "start": Object {
              "character": 8,
              "line": 2,
            },
          },
        },
      ],
    },
  },
}
`;

exports[`2: prepare rename - \`fun foo(x)
    x
end\` at [object Object] 1`] = `
Object {
  "error": null,
  "id": 1200,
  "jsonrpc": "2.0",
  "result": Object {
    "changes": Object {
      "file:///home/user/nico/samplefun%20foo(x)%0A%20%20%20%20x%0Aend.nico": Array [
        Object {
          "newText": "bar",
          "range": Object {
            "end": Object {
              "character": 9,
              "line": 0,
            },
            "start": Object {
              "character": 8,
              "line": 0,
            },
          },
        },
        Object {
          "newText": "bar",
          "range": Object {
            "end": Object {
              "character": 5,
              "line": 1,
            },
            "start": Object {
              "character": 4,
              "line": 1,
            },
          },
        },
      ],
    },
  },
}
`;

exports[`2: prepare rename - \`fun foo(x)
    x
end\` at [object Object] 2`] = `
Object {
  "error": null,
  "id": 1201,
  "jsonrpc": "2.0",
  "result": Object {
    "changes": Object {
      "file:///home/user/nico/samplefun%20foo(x)%0A%20%20%20%20x%0Aend.nico": Array [
        Object {
          "newText": "foo",
          "range": Object {
            "end": Object {
              "character": 9,
              "line": 0,
            },
            "start": Object {
              "character": 8,
              "line": 0,
            },
          },
        },
        Object {
          "newText": "foo",
          "range": Object {
            "end": Object {
              "character": 5,
              "line": 1,
            },
            "start": Object {
              "character": 4,
              "line": 1,
            },
          },
        },
      ],
    },
  },
}
`;

exports[`3: prepare rename - \`struct A { b: i32 }

let a = A { b: 123 }
a.b\` at [object Object] 1`] = `
Object {
  "error": null,
  "id": 1300,
  "jsonrpc": "2.0",
  "result": Object {
    "changes": Object {
      "file:///home/user/nico/samplestruct%20A%20%7B%20b%3A%20i32%20%7D%0A%0Alet%20a%20%3D%20A%20%7B.nico": Array [
        Object {
          "newText": "c",
          "range": Object {
            "end": Object {
              "character": 5,
              "line": 2,
            },
            "start": Object {
              "character": 4,
              "line": 2,
            },
          },
        },
        Object {
          "newText": "c",
          "range": Object {
            "end": Object {
              "character": 1,
              "line": 3,
            },
            "start": Object {
              "character": 0,
              "line": 3,
            },
          },
        },
      ],
    },
  },
}
`;

exports[`3: prepare rename - \`struct A { b: i32 }

let a = A { b: 123 }
a.b\` at [object Object] 2`] = `
Object {
  "error": null,
  "id": 1301,
  "jsonrpc": "2.0",
  "result": Object {
    "changes": Object {
      "file:///home/user/nico/samplestruct%20A%20%7B%20b%3A%20i32%20%7D%0A%0Alet%20a%20%3D%20A%20%7B.nico": Array [
        Object {
          "newText": "foo",
          "range": Object {
            "end": Object {
              "character": 5,
              "line": 2,
            },
            "start": Object {
              "character": 4,
              "line": 2,
            },
          },
        },
        Object {
          "newText": "foo",
          "range": Object {
            "end": Object {
              "character": 1,
              "line": 3,
            },
            "start": Object {
              "character": 0,
              "line": 3,
            },
          },
        },
      ],
    },
  },
}
`;
