// Jest Snapshot v1, https://goo.gl/fbAQLP

exports[`0: hover - \`struct A { a: i32 }
let a = A { a: 100 }
a.a\` at [object Object] 1`] = `
Object {
  "error": null,
  "id": 1000,
  "jsonrpc": "2.0",
  "result": Object {
    "contents": Object {
      "kind": "markdown",
      "value": "\`\`\`nico
i32
\`\`\`
---
The 32-bit signed integer type.",
    },
    "range": Object {
      "end": Object {
        "character": 17,
        "line": 0,
      },
      "start": Object {
        "character": 14,
        "line": 0,
      },
    },
  },
}
`;

exports[`0: hover - \`struct A { a: i32 }
let a = A { a: 100 }
a.a\` at [object Object] 2`] = `
Object {
  "error": null,
  "id": 1001,
  "jsonrpc": "2.0",
  "result": Object {
    "contents": Object {
      "kind": "markdown",
      "value": "\`\`\`nico
A.a: i32
\`\`\`",
    },
    "range": Object {
      "end": Object {
        "character": 13,
        "line": 1,
      },
      "start": Object {
        "character": 12,
        "line": 1,
      },
    },
  },
}
`;

exports[`0: hover - \`struct A { a: i32 }
let a = A { a: 100 }
a.a\` at [object Object] 3`] = `
Object {
  "error": null,
  "id": 1002,
  "jsonrpc": "2.0",
  "result": Object {
    "contents": Object {
      "kind": "markdown",
      "value": "\`\`\`nico
A.a: i32
\`\`\`",
    },
    "range": Object {
      "end": Object {
        "character": 12,
        "line": 0,
      },
      "start": Object {
        "character": 11,
        "line": 0,
      },
    },
  },
}
`;

exports[`0: hover - \`struct A { a: i32 }
let a = A { a: 100 }
a.a\` at [object Object] 4`] = `
Object {
  "error": null,
  "id": 1003,
  "jsonrpc": "2.0",
  "result": Object {
    "contents": Object {
      "kind": "markdown",
      "value": "\`\`\`nico
A.a: i32
\`\`\`",
    },
    "range": Object {
      "end": Object {
        "character": 3,
        "line": 2,
      },
      "start": Object {
        "character": 2,
        "line": 2,
      },
    },
  },
}
`;

exports[`0: hover - \`struct A { a: i32 }
let a = A { a: 100 }
a.a\` at [object Object] 5`] = `
Object {
  "error": null,
  "id": 1004,
  "jsonrpc": "2.0",
  "result": Object {
    "contents": Object {
      "kind": "markdown",
      "value": "\`\`\`nico
let a: A
\`\`\`",
    },
    "range": Object {
      "end": Object {
        "character": 5,
        "line": 1,
      },
      "start": Object {
        "character": 4,
        "line": 1,
      },
    },
  },
}
`;

exports[`0: hover - \`struct A { a: i32 }
let a = A { a: 100 }
a.a\` at [object Object] 6`] = `
Object {
  "error": null,
  "id": 1005,
  "jsonrpc": "2.0",
  "result": Object {
    "contents": Object {
      "kind": "markdown",
      "value": "\`\`\`nico
struct A
\`\`\`",
    },
    "range": Object {
      "end": Object {
        "character": 8,
        "line": 0,
      },
      "start": Object {
        "character": 7,
        "line": 0,
      },
    },
  },
}
`;

exports[`0: hover - \`struct A { a: i32 }
let a = A { a: 100 }
a.a\` at [object Object] 7`] = `
Object {
  "error": null,
  "id": 1006,
  "jsonrpc": "2.0",
  "result": Object {
    "contents": Object {
      "kind": "markdown",
      "value": "\`\`\`nico
struct A
\`\`\`",
    },
    "range": Object {
      "end": Object {
        "character": 9,
        "line": 1,
      },
      "start": Object {
        "character": 8,
        "line": 1,
      },
    },
  },
}
`;

exports[`1: hover - \`fun foo(n)
  n + 1
end\` at [object Object] 1`] = `
Object {
  "error": null,
  "id": 1010,
  "jsonrpc": "2.0",
  "result": Object {
    "contents": Object {
      "kind": "markdown",
      "value": "\`\`\`nico
(parameter) n: i32
\`\`\`",
    },
    "range": Object {
      "end": Object {
        "character": 9,
        "line": 0,
      },
      "start": Object {
        "character": 8,
        "line": 0,
      },
    },
  },
}
`;

exports[`1: hover - \`fun foo(n)
  n + 1
end\` at [object Object] 2`] = `
Object {
  "error": null,
  "id": 1011,
  "jsonrpc": "2.0",
  "result": Object {
    "contents": Object {
      "kind": "markdown",
      "value": "\`\`\`nico
(parameter) n: i32
\`\`\`",
    },
    "range": Object {
      "end": Object {
        "character": 3,
        "line": 1,
      },
      "start": Object {
        "character": 2,
        "line": 1,
      },
    },
  },
}
`;
