// Jest Snapshot v1, https://goo.gl/fbAQLP

exports[`0: publishDiagnostics at \`a\` 1`] = `
Array [
  Object {
    "message": "Cannot find name 'a'.",
    "range": Object {
      "end": Object {
        "character": 1,
        "line": 0,
      },
      "start": Object {
        "character": 0,
        "line": 0,
      },
    },
    "severity": 1,
    "source": "nico-ls",
  },
]
`;

exports[`1: publishDiagnostics at \`let a = 1
a\` 1`] = `Array []`;

exports[`2: publishDiagnostics at \`if 3 > 0
    let a = 1
    println_i32(a)
end
a\` 1`] = `
Array [
  Object {
    "message": "Cannot find name 'a'.",
    "range": Object {
      "end": Object {
        "character": 1,
        "line": 4,
      },
      "start": Object {
        "character": 0,
        "line": 4,
      },
    },
    "severity": 1,
    "source": "nico-ls",
  },
]
`;

exports[`3: publishDiagnostics at \`case 3
when x if x == 3
    println_i32(x)
else
    println_i32(10)
end
x\` 1`] = `
Array [
  Object {
    "message": "Cannot find name 'x'.",
    "range": Object {
      "end": Object {
        "character": 1,
        "line": 6,
      },
      "start": Object {
        "character": 0,
        "line": 6,
      },
    },
    "severity": 1,
    "source": "nico-ls",
  },
]
`;

exports[`4: publishDiagnostics at \`let Rectangle = 1
let rect = Rectangle {}\` 1`] = `
Array [
  Object {
    "message": "Expected struct, found 'local variable \`Rectangle\`'.",
    "range": Object {
      "end": Object {
        "character": 20,
        "line": 1,
      },
      "start": Object {
        "character": 11,
        "line": 1,
      },
    },
    "severity": 1,
    "source": "nico-ls",
  },
]
`;

exports[`5: publishDiagnostics at \`fun foo() ->
end\` 1`] = `
Array [
  Object {
    "message": "Syntax Error: expected type annotation",
    "range": Object {
      "end": Object {
        "character": 12,
        "line": 0,
      },
      "start": Object {
        "character": 10,
        "line": 0,
      },
    },
    "severity": 1,
    "source": "nico-ls",
  },
]
`;

exports[`6: publishDiagnostics at \`fun foo(bar: Int[]) -> Int[]
    let x = bar[0]
    x * 2
end\` 1`] = `
Array [
  Object {
    "message": "mismatched types
expected \`Int\`
   found \`Int[]\`",
    "range": Object {
      "end": Object {
        "character": 9,
        "line": 2,
      },
      "start": Object {
        "character": 4,
        "line": 2,
      },
    },
    "severity": 1,
    "source": "nico-ls",
  },
]
`;
