// Jest Snapshot v1, https://goo.gl/fbAQLP

exports[`0: rename - \`fun bar()
    100
end

bar()\` at [object Object] 1`] = `
Object {
  "error": null,
  "id": 1000,
  "jsonrpc": "2.0",
  "result": Object {
    "changes": Object {
      "file:///home/user/nico/samplefun%20bar()%0A%20%20%20%20100%0Aend%0A%0Abar().nico": Array [
        Object {
          "newText": "bar",
          "range": Object {
            "end": Object {
              "character": 7,
              "line": 0,
            },
            "start": Object {
              "character": 4,
              "line": 0,
            },
          },
        },
        Object {
          "newText": "bar",
          "range": Object {
            "end": Object {
              "character": 3,
              "line": 4,
            },
            "start": Object {
              "character": 0,
              "line": 4,
            },
          },
        },
      ],
    },
  },
}
`;

exports[`1: rename - \`struct A { b: i32 }

let a = A { b: 123 }
a.b\` at [object Object] 1`] = `
Object {
  "error": null,
  "id": 1010,
  "jsonrpc": "2.0",
  "result": Object {
    "changes": Object {
      "file:///home/user/nico/samplestruct%20A%20%7B%20b%3A%20i32%20%7D%0A%0Alet%20a%20%3D%20A%20%7B.nico": Array [
        Object {
          "newText": "B",
          "range": Object {
            "end": Object {
              "character": 8,
              "line": 0,
            },
            "start": Object {
              "character": 7,
              "line": 0,
            },
          },
        },
        Object {
          "newText": "B",
          "range": Object {
            "end": Object {
              "character": 9,
              "line": 2,
            },
            "start": Object {
              "character": 8,
              "line": 2,
            },
          },
        },
      ],
    },
  },
}
`;

exports[`2: rename - \`fun foo(x: Int)
    x
end\` at [object Object] 1`] = `
Object {
  "error": null,
  "id": 1020,
  "jsonrpc": "2.0",
  "result": Object {
    "changes": Object {
      "file:///home/user/nico/samplefun%20foo(x%3A%20Int)%0A%20%20%20%20x%0Aend.nico": Array [
        Object {
          "newText": "bar",
          "range": Object {
            "end": Object {
              "character": 9,
              "line": 0,
            },
            "start": Object {
              "character": 8,
              "line": 0,
            },
          },
        },
        Object {
          "newText": "bar",
          "range": Object {
            "end": Object {
              "character": 5,
              "line": 1,
            },
            "start": Object {
              "character": 4,
              "line": 1,
            },
          },
        },
      ],
    },
  },
}
`;

exports[`2: rename - \`fun foo(x: Int)
    x
end\` at [object Object] 2`] = `
Object {
  "error": null,
  "id": 1021,
  "jsonrpc": "2.0",
  "result": Object {
    "changes": Object {
      "file:///home/user/nico/samplefun%20foo(x%3A%20Int)%0A%20%20%20%20x%0Aend.nico": Array [
        Object {
          "newText": "foo",
          "range": Object {
            "end": Object {
              "character": 9,
              "line": 0,
            },
            "start": Object {
              "character": 8,
              "line": 0,
            },
          },
        },
        Object {
          "newText": "foo",
          "range": Object {
            "end": Object {
              "character": 5,
              "line": 1,
            },
            "start": Object {
              "character": 4,
              "line": 1,
            },
          },
        },
      ],
    },
  },
}
`;

exports[`3: rename - \`let foo = 100
println_i32(foo)\` at [object Object] 1`] = `
Object {
  "error": null,
  "id": 1030,
  "jsonrpc": "2.0",
  "result": Object {
    "changes": Object {
      "file:///home/user/nico/samplelet%20foo%20%3D%20100%0Aprintln_i32(foo).nico": Array [
        Object {
          "newText": "foo",
          "range": Object {
            "end": Object {
              "character": 7,
              "line": 0,
            },
            "start": Object {
              "character": 4,
              "line": 0,
            },
          },
        },
        Object {
          "newText": "foo",
          "range": Object {
            "end": Object {
              "character": 15,
              "line": 1,
            },
            "start": Object {
              "character": 12,
              "line": 1,
            },
          },
        },
      ],
    },
  },
}
`;

exports[`3: rename - \`let foo = 100
println_i32(foo)\` at [object Object] 2`] = `
Object {
  "error": null,
  "id": 1031,
  "jsonrpc": "2.0",
  "result": Object {
    "changes": Object {
      "file:///home/user/nico/samplelet%20foo%20%3D%20100%0Aprintln_i32(foo).nico": Array [
        Object {
          "newText": "foo",
          "range": Object {
            "end": Object {
              "character": 7,
              "line": 0,
            },
            "start": Object {
              "character": 4,
              "line": 0,
            },
          },
        },
        Object {
          "newText": "foo",
          "range": Object {
            "end": Object {
              "character": 15,
              "line": 1,
            },
            "start": Object {
              "character": 12,
              "line": 1,
            },
          },
        },
      ],
    },
  },
}
`;

exports[`4: rename - \`struct A { b: i32 }

let a = A { b: 123 }
a.b\` at [object Object] 1`] = `
Object {
  "error": null,
  "id": 1040,
  "jsonrpc": "2.0",
  "result": Object {
    "changes": Object {
      "file:///home/user/nico/samplestruct%20A%20%7B%20b%3A%20i32%20%7D%0A%0Alet%20a%20%3D%20A%20%7B.nico": Array [
        Object {
          "newText": "c",
          "range": Object {
            "end": Object {
              "character": 5,
              "line": 2,
            },
            "start": Object {
              "character": 4,
              "line": 2,
            },
          },
        },
        Object {
          "newText": "c",
          "range": Object {
            "end": Object {
              "character": 1,
              "line": 3,
            },
            "start": Object {
              "character": 0,
              "line": 3,
            },
          },
        },
      ],
    },
  },
}
`;

exports[`4: rename - \`struct A { b: i32 }

let a = A { b: 123 }
a.b\` at [object Object] 2`] = `
Object {
  "error": null,
  "id": 1041,
  "jsonrpc": "2.0",
  "result": Object {
    "changes": Object {
      "file:///home/user/nico/samplestruct%20A%20%7B%20b%3A%20i32%20%7D%0A%0Alet%20a%20%3D%20A%20%7B.nico": Array [
        Object {
          "newText": "foo",
          "range": Object {
            "end": Object {
              "character": 5,
              "line": 2,
            },
            "start": Object {
              "character": 4,
              "line": 2,
            },
          },
        },
        Object {
          "newText": "foo",
          "range": Object {
            "end": Object {
              "character": 1,
              "line": 3,
            },
            "start": Object {
              "character": 0,
              "line": 3,
            },
          },
        },
      ],
    },
  },
}
`;

exports[`5: rename - \`let x = [1, 2, 3]
case x
when [x, y, z]
    x + y + z
else
    100
end\` at [object Object] 1`] = `
Object {
  "error": null,
  "id": 1050,
  "jsonrpc": "2.0",
  "result": null,
}
`;

exports[`5: rename - \`let x = [1, 2, 3]
case x
when [x, y, z]
    x + y + z
else
    100
end\` at [object Object] 2`] = `
Object {
  "error": null,
  "id": 1051,
  "jsonrpc": "2.0",
  "result": Object {
    "changes": Object {
      "file:///home/user/nico/samplelet%20x%20%3D%20%5B1%2C%202%2C%203%5D%0Acase%20x%0Awhen%20%5Bx%2.nico": Array [
        Object {
          "newText": "b",
          "range": Object {
            "end": Object {
              "character": 10,
              "line": 2,
            },
            "start": Object {
              "character": 9,
              "line": 2,
            },
          },
        },
        Object {
          "newText": "b",
          "range": Object {
            "end": Object {
              "character": 9,
              "line": 3,
            },
            "start": Object {
              "character": 8,
              "line": 3,
            },
          },
        },
      ],
    },
  },
}
`;

exports[`5: rename - \`let x = [1, 2, 3]
case x
when [x, y, z]
    x + y + z
else
    100
end\` at [object Object] 3`] = `
Object {
  "error": null,
  "id": 1052,
  "jsonrpc": "2.0",
  "result": Object {
    "changes": Object {
      "file:///home/user/nico/samplelet%20x%20%3D%20%5B1%2C%202%2C%203%5D%0Acase%20x%0Awhen%20%5Bx%2.nico": Array [
        Object {
          "newText": "c",
          "range": Object {
            "end": Object {
              "character": 13,
              "line": 2,
            },
            "start": Object {
              "character": 12,
              "line": 2,
            },
          },
        },
        Object {
          "newText": "c",
          "range": Object {
            "end": Object {
              "character": 13,
              "line": 3,
            },
            "start": Object {
              "character": 12,
              "line": 3,
            },
          },
        },
      ],
    },
  },
}
`;

exports[`5: rename - \`let x = [1, 2, 3]
case x
when [x, y, z]
    x + y + z
else
    100
end\` at [object Object] 4`] = `
Object {
  "error": null,
  "id": 1053,
  "jsonrpc": "2.0",
  "result": null,
}
`;

exports[`5: rename - \`let x = [1, 2, 3]
case x
when [x, y, z]
    x + y + z
else
    100
end\` at [object Object] 5`] = `
Object {
  "error": null,
  "id": 1054,
  "jsonrpc": "2.0",
  "result": null,
}
`;

exports[`5: rename - \`let x = [1, 2, 3]
case x
when [x, y, z]
    x + y + z
else
    100
end\` at [object Object] 6`] = `
Object {
  "error": null,
  "id": 1055,
  "jsonrpc": "2.0",
  "result": null,
}
`;

exports[`6: rename - \`struct A { b: i32 }

let a = A { b: 123 }
a.b\` at [object Object] 1`] = `
Object {
  "error": null,
  "id": 1060,
  "jsonrpc": "2.0",
  "result": Object {
    "changes": Object {
      "file:///home/user/nico/samplestruct%20A%20%7B%20b%3A%20i32%20%7D%0A%0Alet%20a%20%3D%20A%20%7B.nico": Array [
        Object {
          "newText": "c",
          "range": Object {
            "end": Object {
              "character": 12,
              "line": 0,
            },
            "start": Object {
              "character": 11,
              "line": 0,
            },
          },
        },
        Object {
          "newText": "c",
          "range": Object {
            "end": Object {
              "character": 13,
              "line": 2,
            },
            "start": Object {
              "character": 12,
              "line": 2,
            },
          },
        },
        Object {
          "newText": "c",
          "range": Object {
            "end": Object {
              "character": 3,
              "line": 3,
            },
            "start": Object {
              "character": 2,
              "line": 3,
            },
          },
        },
      ],
    },
  },
}
`;

exports[`6: rename - \`struct A { b: i32 }

let a = A { b: 123 }
a.b\` at [object Object] 2`] = `
Object {
  "error": null,
  "id": 1061,
  "jsonrpc": "2.0",
  "result": Object {
    "changes": Object {
      "file:///home/user/nico/samplestruct%20A%20%7B%20b%3A%20i32%20%7D%0A%0Alet%20a%20%3D%20A%20%7B.nico": Array [
        Object {
          "newText": "c",
          "range": Object {
            "end": Object {
              "character": 12,
              "line": 0,
            },
            "start": Object {
              "character": 11,
              "line": 0,
            },
          },
        },
        Object {
          "newText": "c",
          "range": Object {
            "end": Object {
              "character": 13,
              "line": 2,
            },
            "start": Object {
              "character": 12,
              "line": 2,
            },
          },
        },
        Object {
          "newText": "c",
          "range": Object {
            "end": Object {
              "character": 3,
              "line": 3,
            },
            "start": Object {
              "character": 2,
              "line": 3,
            },
          },
        },
      ],
    },
  },
}
`;

exports[`6: rename - \`struct A { b: i32 }

let a = A { b: 123 }
a.b\` at [object Object] 3`] = `
Object {
  "error": null,
  "id": 1062,
  "jsonrpc": "2.0",
  "result": Object {
    "changes": Object {
      "file:///home/user/nico/samplestruct%20A%20%7B%20b%3A%20i32%20%7D%0A%0Alet%20a%20%3D%20A%20%7B.nico": Array [
        Object {
          "newText": "c",
          "range": Object {
            "end": Object {
              "character": 12,
              "line": 0,
            },
            "start": Object {
              "character": 11,
              "line": 0,
            },
          },
        },
        Object {
          "newText": "c",
          "range": Object {
            "end": Object {
              "character": 13,
              "line": 2,
            },
            "start": Object {
              "character": 12,
              "line": 2,
            },
          },
        },
        Object {
          "newText": "c",
          "range": Object {
            "end": Object {
              "character": 3,
              "line": 3,
            },
            "start": Object {
              "character": 2,
              "line": 3,
            },
          },
        },
      ],
    },
  },
}
`;
